Γû▓ Next.js 16.2.9 (Turbopack)
- Environments: .env.local

node.exe : ΓÜá The 
"middleware" file 
convention is 
deprecated. Please use 
"proxy" instead. Learn 
more: https://nextjs.or
g/docs/messages/middlew
are-to-proxy
At line:1 char:1
+ & "C:\Program 
Files\nodejs/node.exe" 
"C:\Program 
Files\nodejs/node_mo 
...
+ ~~~~~~~~~~~~~~~~~~~~~
~~~~~~~~~~~~~~~~~~~~~~~
~~~~~~~~~~~~~~~~~~~~~~~
~~
    + CategoryInfo     
         : NotSpecifi  
  ed: (ΓÜá The "midd   
 le...leware-to-pro    
xy:String) [], Rem    
oteException
    + FullyQualifiedEr 
   rorId : NativeComm  
  andError
 
  Creating an optimized production build ...
Γ£ô Compiled successfully in 15.6s
  Running TypeScript ...
Failed to type check.

./components/admin/Goal
Actions.tsx:72:22
Type error: Type '{ 
children: Element; 
asChild: true; }' is 
not assignable to type 
'IntrinsicAttributes & 
Props<unknown>'.
  Property 'asChild' 
does not exist on type 
'IntrinsicAttributes & 
Props<unknown>'.

  [90m70 |[0m   
[36mreturn[0m (
  [90m71 |[0m     
<[33mDialog[0m 
open={open} 
onOpenChange={setOpen}>
[31m[1m>[0m [90m72 
|[0m       <[33mDialo
gTrigger[0m asChild>
  [90m   |[0m        
              
[31m[1m^[0m
  [90m73 |[0m        
 <[33mButton[0m 
size=[32m"sm"[0m vari
ant=[32m"outline"[0m 
className=[32m"font-bo
ld text-xs 
gap-1.5"[0m>
  [90m74 |[0m        
   <[33mTarget[0m 
className=[32m"w-3 
h-3"[0m /> 
[33mButeurs[0m
  [90m75 |[0m        
 </[33mButton[0m>
Next.js build worker 
exited with code: 1 
and signal: null

